// Jest Snapshot v1, https://goo.gl/fbAQLP

exports[`AppLinkの表示 1`] = `
<div>
  <a
    class="App-link"
    href="string"
    rel="noopener noreferrer"
    target="_blank"
  >
    string
  </a>
</div>
`;
