// Jest Snapshot v1, https://goo.gl/fbAQLP

exports[`counter reducer test 1`] = `"aaa"`;
